>>> add_integer = __import__('0-add_integer').add_integer

>>> add_integer(5, 3.5)
8

>>> add_integer(10, 2)
12

>>> add_integer(20)
118

>>> add_integer("alx", 5)
Traceback (most recent call last):
TypeError: a must be an integer

>>> add_integer()
Traceback (most recent call last):
TypeError: add_integer() missing 1 required positional argument: 'a'

>>> add_integer(float('nan'), 3)
Traceback (most recent call last):
ValueError: cannot convert float NaN to integer

>>> add_integer(float('inf'), 10)
Traceback (most recent call last):
...
OverflowError: cannot convert float infinity to integer
